// Vitest Snapshot v1, https://vitest.dev/guide/snapshot.html

exports[`renders QR code component 1`] = `
{
  "asFragment": [Function],
  "baseElement": <body>
    <div>
      <svg
        aria-label="QR Code"
        height="128"
        role="img"
        viewBox="0 0 29 29"
        width="128"
      >
        <path
          d="M0,0 h29v29H0z"
          fill="#FFFFFF"
        />
        <path
          d="M 4 4v 7h 7v -7zM 5 5h 5v 5h -5zM 18 4v 7h 7v -7zM 19 5h 5v 5h -5zM 4 18v 7h 7v -7zM 5 19h 5v 5h -5z"
          fill="#000000"
        />
        <rect
          fill="#000000"
          height="3"
          rx="0"
          width="3"
          x="6"
          y="6"
        />
        <rect
          fill="#000000"
          height="3"
          rx="0"
          width="3"
          x="20"
          y="6"
        />
        <rect
          fill="#000000"
          height="3"
          rx="0"
          width="3"
          x="6"
          y="20"
        />
        <path
          d="M12,4h1v1h-1ZM13,4h1v1h-1ZM14,4h1v1h-1ZM16,4h1v1h-1ZM13,5h1v1h-1ZM14,5h1v1h-1ZM14,6h1v1h-1ZM12,7h1v1h-1ZM15,7h1v1h-1ZM16,7h1v1h-1ZM14,8h1v1h-1ZM15,8h1v1h-1ZM13,9h1v1h-1ZM15,9h1v1h-1ZM12,10h1v1h-1ZM14,10h1v1h-1ZM16,10h1v1h-1ZM13,11h1v1h-1ZM16,11h1v1h-1ZM6,12h1v1h-1ZM8,12h1v1h-1ZM9,12h1v1h-1ZM10,12h1v1h-1ZM12,12h1v1h-1ZM13,12h1v1h-1ZM17,12h1v1h-1ZM21,12h1v1h-1ZM24,12h1v1h-1ZM7,13h1v1h-1ZM8,13h1v1h-1ZM11,13h1v1h-1ZM12,13h1v1h-1ZM16,13h1v1h-1ZM18,13h1v1h-1ZM19,13h1v1h-1ZM23,13h1v1h-1ZM24,13h1v1h-1ZM4,14h1v1h-1ZM5,14h1v1h-1ZM6,14h1v1h-1ZM7,14h1v1h-1ZM8,14h1v1h-1ZM10,14h1v1h-1ZM12,14h1v1h-1ZM16,14h1v1h-1ZM17,14h1v1h-1ZM18,14h1v1h-1ZM19,14h1v1h-1ZM21,14h1v1h-1ZM22,14h1v1h-1ZM23,14h1v1h-1ZM24,14h1v1h-1ZM4,15h1v1h-1ZM5,15h1v1h-1ZM6,15h1v1h-1ZM7,15h1v1h-1ZM9,15h1v1h-1ZM12,15h1v1h-1ZM13,15h1v1h-1ZM15,15h1v1h-1ZM16,15h1v1h-1ZM19,15h1v1h-1ZM20,15h1v1h-1ZM23,15h1v1h-1ZM4,16h1v1h-1ZM5,16h1v1h-1ZM9,16h1v1h-1ZM10,16h1v1h-1ZM12,16h1v1h-1ZM13,16h1v1h-1ZM14,16h1v1h-1ZM19,16h1v1h-1ZM21,16h1v1h-1ZM23,16h1v1h-1ZM24,16h1v1h-1ZM12,17h1v1h-1ZM14,17h1v1h-1ZM15,17h1v1h-1ZM16,17h1v1h-1ZM21,17h1v1h-1ZM24,17h1v1h-1ZM13,18h1v1h-1ZM14,18h1v1h-1ZM20,18h1v1h-1ZM21,18h1v1h-1ZM23,18h1v1h-1ZM24,18h1v1h-1ZM12,19h1v1h-1ZM13,19h1v1h-1ZM14,19h1v1h-1ZM16,19h1v1h-1ZM18,19h1v1h-1ZM23,19h1v1h-1ZM12,20h1v1h-1ZM14,20h1v1h-1ZM15,20h1v1h-1ZM18,20h1v1h-1ZM20,20h1v1h-1ZM21,20h1v1h-1ZM23,20h1v1h-1ZM24,20h1v1h-1ZM13,21h1v1h-1ZM18,21h1v1h-1ZM19,21h1v1h-1ZM23,21h1v1h-1ZM12,22h1v1h-1ZM16,22h1v1h-1ZM17,22h1v1h-1ZM19,22h1v1h-1ZM22,22h1v1h-1ZM24,22h1v1h-1ZM13,23h1v1h-1ZM14,23h1v1h-1ZM15,23h1v1h-1ZM17,23h1v1h-1ZM18,23h1v1h-1ZM19,23h1v1h-1ZM20,23h1v1h-1ZM21,23h1v1h-1ZM23,23h1v1h-1ZM14,24h1v1h-1ZM17,24h1v1h-1ZM18,24h1v1h-1ZM19,24h1v1h-1ZM22,24h1v1h-1ZM23,24h1v1h-1ZM24,24h1v1h-1Z"
          fill="#000000"
          shape-rendering="crispEdges"
        />
      </svg>
    </div>
  </body>,
  "container": <div>
    <svg
      aria-label="QR Code"
      height="128"
      role="img"
      viewBox="0 0 29 29"
      width="128"
    >
      <path
        d="M0,0 h29v29H0z"
        fill="#FFFFFF"
      />
      <path
        d="M 4 4v 7h 7v -7zM 5 5h 5v 5h -5zM 18 4v 7h 7v -7zM 19 5h 5v 5h -5zM 4 18v 7h 7v -7zM 5 19h 5v 5h -5z"
        fill="#000000"
      />
      <rect
        fill="#000000"
        height="3"
        rx="0"
        width="3"
        x="6"
        y="6"
      />
      <rect
        fill="#000000"
        height="3"
        rx="0"
        width="3"
        x="20"
        y="6"
      />
      <rect
        fill="#000000"
        height="3"
        rx="0"
        width="3"
        x="6"
        y="20"
      />
      <path
        d="M12,4h1v1h-1ZM13,4h1v1h-1ZM14,4h1v1h-1ZM16,4h1v1h-1ZM13,5h1v1h-1ZM14,5h1v1h-1ZM14,6h1v1h-1ZM12,7h1v1h-1ZM15,7h1v1h-1ZM16,7h1v1h-1ZM14,8h1v1h-1ZM15,8h1v1h-1ZM13,9h1v1h-1ZM15,9h1v1h-1ZM12,10h1v1h-1ZM14,10h1v1h-1ZM16,10h1v1h-1ZM13,11h1v1h-1ZM16,11h1v1h-1ZM6,12h1v1h-1ZM8,12h1v1h-1ZM9,12h1v1h-1ZM10,12h1v1h-1ZM12,12h1v1h-1ZM13,12h1v1h-1ZM17,12h1v1h-1ZM21,12h1v1h-1ZM24,12h1v1h-1ZM7,13h1v1h-1ZM8,13h1v1h-1ZM11,13h1v1h-1ZM12,13h1v1h-1ZM16,13h1v1h-1ZM18,13h1v1h-1ZM19,13h1v1h-1ZM23,13h1v1h-1ZM24,13h1v1h-1ZM4,14h1v1h-1ZM5,14h1v1h-1ZM6,14h1v1h-1ZM7,14h1v1h-1ZM8,14h1v1h-1ZM10,14h1v1h-1ZM12,14h1v1h-1ZM16,14h1v1h-1ZM17,14h1v1h-1ZM18,14h1v1h-1ZM19,14h1v1h-1ZM21,14h1v1h-1ZM22,14h1v1h-1ZM23,14h1v1h-1ZM24,14h1v1h-1ZM4,15h1v1h-1ZM5,15h1v1h-1ZM6,15h1v1h-1ZM7,15h1v1h-1ZM9,15h1v1h-1ZM12,15h1v1h-1ZM13,15h1v1h-1ZM15,15h1v1h-1ZM16,15h1v1h-1ZM19,15h1v1h-1ZM20,15h1v1h-1ZM23,15h1v1h-1ZM4,16h1v1h-1ZM5,16h1v1h-1ZM9,16h1v1h-1ZM10,16h1v1h-1ZM12,16h1v1h-1ZM13,16h1v1h-1ZM14,16h1v1h-1ZM19,16h1v1h-1ZM21,16h1v1h-1ZM23,16h1v1h-1ZM24,16h1v1h-1ZM12,17h1v1h-1ZM14,17h1v1h-1ZM15,17h1v1h-1ZM16,17h1v1h-1ZM21,17h1v1h-1ZM24,17h1v1h-1ZM13,18h1v1h-1ZM14,18h1v1h-1ZM20,18h1v1h-1ZM21,18h1v1h-1ZM23,18h1v1h-1ZM24,18h1v1h-1ZM12,19h1v1h-1ZM13,19h1v1h-1ZM14,19h1v1h-1ZM16,19h1v1h-1ZM18,19h1v1h-1ZM23,19h1v1h-1ZM12,20h1v1h-1ZM14,20h1v1h-1ZM15,20h1v1h-1ZM18,20h1v1h-1ZM20,20h1v1h-1ZM21,20h1v1h-1ZM23,20h1v1h-1ZM24,20h1v1h-1ZM13,21h1v1h-1ZM18,21h1v1h-1ZM19,21h1v1h-1ZM23,21h1v1h-1ZM12,22h1v1h-1ZM16,22h1v1h-1ZM17,22h1v1h-1ZM19,22h1v1h-1ZM22,22h1v1h-1ZM24,22h1v1h-1ZM13,23h1v1h-1ZM14,23h1v1h-1ZM15,23h1v1h-1ZM17,23h1v1h-1ZM18,23h1v1h-1ZM19,23h1v1h-1ZM20,23h1v1h-1ZM21,23h1v1h-1ZM23,23h1v1h-1ZM14,24h1v1h-1ZM17,24h1v1h-1ZM18,24h1v1h-1ZM19,24h1v1h-1ZM22,24h1v1h-1ZM23,24h1v1h-1ZM24,24h1v1h-1Z"
        fill="#000000"
        shape-rendering="crispEdges"
      />
    </svg>
  </div>,
  "debug": [Function],
  "findAllByAltText": [Function],
  "findAllByDisplayValue": [Function],
  "findAllByLabelText": [Function],
  "findAllByPlaceholderText": [Function],
  "findAllByRole": [Function],
  "findAllByTestId": [Function],
  "findAllByText": [Function],
  "findAllByTitle": [Function],
  "findByAltText": [Function],
  "findByDisplayValue": [Function],
  "findByLabelText": [Function],
  "findByPlaceholderText": [Function],
  "findByRole": [Function],
  "findByTestId": [Function],
  "findByText": [Function],
  "findByTitle": [Function],
  "getAllByAltText": [Function],
  "getAllByDisplayValue": [Function],
  "getAllByLabelText": [Function],
  "getAllByPlaceholderText": [Function],
  "getAllByRole": [Function],
  "getAllByTestId": [Function],
  "getAllByText": [Function],
  "getAllByTitle": [Function],
  "getByAltText": [Function],
  "getByDisplayValue": [Function],
  "getByLabelText": [Function],
  "getByPlaceholderText": [Function],
  "getByRole": [Function],
  "getByTestId": [Function],
  "getByText": [Function],
  "getByTitle": [Function],
  "queryAllByAltText": [Function],
  "queryAllByDisplayValue": [Function],
  "queryAllByLabelText": [Function],
  "queryAllByPlaceholderText": [Function],
  "queryAllByRole": [Function],
  "queryAllByTestId": [Function],
  "queryAllByText": [Function],
  "queryAllByTitle": [Function],
  "queryByAltText": [Function],
  "queryByDisplayValue": [Function],
  "queryByLabelText": [Function],
  "queryByPlaceholderText": [Function],
  "queryByRole": [Function],
  "queryByTestId": [Function],
  "queryByText": [Function],
  "queryByTitle": [Function],
  "rerender": [Function],
  "unmount": [Function],
}
`;
